# Analysing main
# Analysing interior_mutability
# Analysing access
