# Analysing main
# Analysing cast_to_pointer
# MaybeTopOfBorrowStack Analysis
bb0
[ 0] [_1, _2] <- Retag([fn entry] _1)
[ 1] [_1, _2] <- Retag([fn entry] _2)
[ 2] [_1, _2] <- (*_1) = const 42_i32
[ 3] [_1, _2] <- StorageLive(_4)
[ 4] [_2] <- _4 = &raw mut (*_1)
[ 5] [_2] <- Retag([raw] _4)
[ 6] [_2] <- (*_2) = const 7_i32
[ 7] [_2] <- _0 = (*_1)
[ 8] [_2] <- StorageDead(_4)
[ 9] [] <- return

# FindImmutabilitySpans Analysis
bb0
[ 0] {} <- Retag([fn entry] _1)
[ 1] {} <- Retag([fn entry] _2)
[ 2] {_1: Span(bb0[2])} <- (*_1) = const 42_i32
[ 3] {_1: Span(bb0[2])} <- StorageLive(_4)
[ 4] {_1: Top} <- _4 = &raw mut (*_1)
[ 5] {_1: Top} <- Retag([raw] _4)
[ 6] {_1: Top, _2: Span(bb0[6])} <- (*_2) = const 7_i32
[ 7] {_1: Top, _2: Span(bb0[6])} <- _0 = (*_1)
[ 8] {_1: Top, _2: Span(bb0[6])} <- StorageDead(_4)
[ 9] {_1: Top, _2: Span(bb0[6])} <- return


# CFG Before
bb0
Retag([fn entry] _1)
Retag([fn entry] _2)
(*_1) = const 42_i32
StorageLive(_4)
_4 = &raw mut (*_1)
Retag([raw] _4)
(*_2) = const 7_i32
_0 = (*_1)
StorageDead(_4)
return

# CFG After
bb0
Retag([fn entry] _1)
Retag([fn entry] _2)
(*_1) = const 42_i32
StorageLive(_4)
_4 = &raw mut (*_1)
Retag([raw] _4)
(*_2) = const 7_i32
_0 = (*_1)
StorageDead(_4)
return

