# Analysing main
# Analysing nested
# MaybeTopOfBorrowStack Analysis
bb0
[ 0] [_2] <- Retag([fn entry] _1)
[ 1] [_2] <- Retag([fn entry] _2)
[ 2] [_2] <- _4 = deref_copy (*_1)
[ 3] [_2] <- (*_4) = const 42_i32
[ 4] [_2] <- (*_2) = const 7_i32
[ 5] [_2] <- _5 = deref_copy (*_1)
[ 6] [_2] <- _0 = (*_5)
[ 7] [] <- return

# FindImmutabilitySpans Analysis
bb0
[ 0] {} <- Retag([fn entry] _1)
[ 1] {} <- Retag([fn entry] _2)
[ 2] {} <- _4 = deref_copy (*_1)
[ 3] {} <- (*_4) = const 42_i32
[ 4] {_2: Span(bb0[4])} <- (*_2) = const 7_i32
[ 5] {_2: Span(bb0[4])} <- _5 = deref_copy (*_1)
[ 6] {_2: Span(bb0[4])} <- _0 = (*_5)
[ 7] {_2: Span(bb0[4])} <- return


# CFG Before
bb0
Retag([fn entry] _1)
Retag([fn entry] _2)
_4 = deref_copy (*_1)
(*_4) = const 42_i32
(*_2) = const 7_i32
_5 = deref_copy (*_1)
_0 = (*_5)
return

# CFG After
bb0
Retag([fn entry] _1)
Retag([fn entry] _2)
_4 = deref_copy (*_1)
(*_4) = const 42_i32
(*_2) = const 7_i32
_5 = deref_copy (*_1)
_0 = (*_5)
return

