# Analysing main
# Analysing reborrow_by_function_call
# MaybeTopOfBorrowStack Analysis
bb0
[ 0] [_1, _2] -> Retag([fn entry] _1)
[ 1] [_1, _2] -> Retag([fn entry] _2)
[ 2] [_1, _2] -> (*_1) = const 42_i32
[ 3] [_1, _2] -> (*_2) = const 7_i32
[ 4] [_1, _2] -> StorageLive(_4)
[ 5] [_1, _2] -> StorageLive(_5)
[ 6] [_2] -> _5 = &mut (*_1)
[ 7] [_2] -> Retag([2phase] _5)
[ 8] [_2] -> _4 = access(move _5) -> bb1

bb1
[ 0] [_2] -> StorageDead(_5)
[ 1] [_2] -> StorageDead(_4)
[ 2] [_2] -> _0 = (*_1)
[ 3] [_2] -> return

# FindImmutabilitySpans Analysis
bb0
[ 0] {} -> Retag([fn entry] _1)
[ 1] {} -> Retag([fn entry] _2)
[ 2] {_1: Span(bb0[2])} -> (*_1) = const 42_i32
[ 3] {_1: Span(bb0[2]), _2: Span(bb0[3])} -> (*_2) = const 7_i32
[ 4] {_1: Span(bb0[2]), _2: Span(bb0[3])} -> StorageLive(_4)
[ 5] {_1: Span(bb0[2]), _2: Span(bb0[3])} -> StorageLive(_5)
[ 6] {_1: Top, _2: Span(bb0[3])} -> _5 = &mut (*_1)
[ 7] {_1: Top, _2: Span(bb0[3])} -> Retag([2phase] _5)
[ 8] {_1: Top, _2: Span(bb0[3])} -> _4 = access(move _5) -> bb1

bb1
[ 0] {_1: Top, _2: Span(bb0[3])} -> StorageDead(_5)
[ 1] {_1: Top, _2: Span(bb0[3])} -> StorageDead(_4)
[ 2] {_1: Top, _2: Span(bb0[3])} -> _0 = (*_1)
[ 3] {_1: Top, _2: Span(bb0[3])} -> return


# CFG Before
bb0
Retag([fn entry] _1)
Retag([fn entry] _2)
(*_1) = const 42_i32
(*_2) = const 7_i32
StorageLive(_4)
StorageLive(_5)
_5 = &mut (*_1)
Retag([2phase] _5)
_4 = access(move _5) -> bb1

bb1
StorageDead(_5)
StorageDead(_4)
_0 = (*_1)
return

# CFG After
bb0
Retag([fn entry] _1)
Retag([fn entry] _2)
_6 = const 42_i32
(*_1) = _6
_7 = const 7_i32
(*_2) = _7
StorageLive(_4)
StorageLive(_5)
_5 = &mut (*_1)
Retag([2phase] _5)
_4 = access(move _5) -> bb1

bb1
StorageDead(_5)
StorageDead(_4)
_0 = (*_1)
return

# Analysing access
# MaybeTopOfBorrowStack Analysis
bb0
[ 0] [_1] -> Retag([fn entry] _1)
[ 1] [_1] -> (*_1) = const 5_i32
[ 2] [_1] -> _0 = const ()
[ 3] [_1] -> return

# FindImmutabilitySpans Analysis
bb0
[ 0] {} -> Retag([fn entry] _1)
[ 1] {_1: Span(bb0[1])} -> (*_1) = const 5_i32
[ 2] {_1: Span(bb0[1])} -> _0 = const ()
[ 3] {_1: Span(bb0[1])} -> return


# CFG Before
bb0
Retag([fn entry] _1)
(*_1) = const 5_i32
_0 = const ()
return

# CFG After
bb0
Retag([fn entry] _1)
_2 = const 5_i32
(*_1) = _2
_0 = const ()
return

