# Analysing main
# Analysing mid
# TopOfBorrowStack Analysis
bb0
[ 0] [_1, _2] <- Retag([fn entry] _1)
[ 1] [_1, _2] <- Retag([fn entry] _2)
[ 2] [_1, _2] <- (*_1) = const 7_u32
[ 3] [_1, _2] <- (*_2) = const 42_u32
[ 4] [_1, _2] <- StorageLive(_4)
[ 5] [_1, _2] <- StorageLive(_5)
[ 6] [_1, _2] <- _5 = &(*_1)
[ 7] [_1, _2] <- Retag(_5)
[ 8] [_1, _2] <- _4 = lib(move _5) -> bb1

bb1
[ 0] [_1, _2] <- StorageDead(_5)
[ 1] [_1, _2] <- StorageDead(_4)
[ 2] [_1, _2] <- StorageLive(_6)
[ 3] [_1, _2] <- StorageLive(_7)
[ 4] [_1, _2] <- _7 = &(*_2)
[ 5] [_1, _2] <- Retag(_7)
[ 6] [_1, _2] <- _6 = lib(move _7) -> bb2

bb2
[ 0] [_1, _2] <- StorageDead(_7)
[ 1] [_1, _2] <- StorageDead(_6)
[ 2] [_1, _2] <- StorageLive(_8)
[ 3] [_1, _2] <- StorageLive(_9)
[ 4] [_1, _2] <- _9 = (*_1)
[ 5] [_1, _2] <- _8 = Eq(move _9, const 7_u32)
[ 6] [_1, _2] <- StorageDead(_9)
[ 7] [_1, _2] <- switchInt(move _8) -> [false: bb3, otherwise: bb4]

bb3
[ 0] [_1, _2] <- _0 = const false
[ 1] [_1, _2] <- goto -> bb5

bb4
[ 0] [_1, _2] <- StorageLive(_10)
[ 1] [_1, _2] <- StorageLive(_11)
[ 2] [_1, _2] <- _11 = (*_2)
[ 3] [_1, _2] <- _10 = Eq(move _11, const 42_u32)
[ 4] [_1, _2] <- StorageDead(_11)
[ 5] [_1, _2] <- _0 = move _10
[ 6] [_1, _2] <- goto -> bb5

bb5
[ 0] [_1, _2] <- StorageDead(_10)
[ 1] [_1, _2] <- StorageDead(_8)
[ 2] [] <- return

# FindImmutabilitySpans Analysis
bb0
[ 0] {} <- Retag([fn entry] _1)
[ 1] {} <- Retag([fn entry] _2)
[ 2] {_1: Span(bb0[2])} <- (*_1) = const 7_u32
[ 3] {_1: Span(bb0[2]), _2: Span(bb0[3])} <- (*_2) = const 42_u32
[ 4] {_1: Span(bb0[2]), _2: Span(bb0[3])} <- StorageLive(_4)
[ 5] {_1: Span(bb0[2]), _2: Span(bb0[3])} <- StorageLive(_5)
[ 6] {_1: Span(bb0[2]), _2: Span(bb0[3])} <- _5 = &(*_1)
[ 7] {_1: Span(bb0[2]), _2: Span(bb0[3])} <- Retag(_5)
[ 8] {_1: Span(bb0[2]), _2: Span(bb0[3])} <- _4 = lib(move _5) -> bb1

bb1
[ 0] {_1: Span(bb0[2]), _2: Span(bb0[3])} <- StorageDead(_5)
[ 1] {_1: Span(bb0[2]), _2: Span(bb0[3])} <- StorageDead(_4)
[ 2] {_1: Span(bb0[2]), _2: Span(bb0[3])} <- StorageLive(_6)
[ 3] {_1: Span(bb0[2]), _2: Span(bb0[3])} <- StorageLive(_7)
[ 4] {_1: Span(bb0[2]), _2: Span(bb0[3])} <- _7 = &(*_2)
[ 5] {_1: Span(bb0[2]), _2: Span(bb0[3])} <- Retag(_7)
[ 6] {_1: Span(bb0[2]), _2: Span(bb0[3])} <- _6 = lib(move _7) -> bb2

bb2
[ 0] {_1: Span(bb0[2]), _2: Span(bb0[3])} <- StorageDead(_7)
[ 1] {_1: Span(bb0[2]), _2: Span(bb0[3])} <- StorageDead(_6)
[ 2] {_1: Span(bb0[2]), _2: Span(bb0[3])} <- StorageLive(_8)
[ 3] {_1: Span(bb0[2]), _2: Span(bb0[3])} <- StorageLive(_9)
[ 4] {_1: Span(bb0[2]), _2: Span(bb0[3])} <- _9 = (*_1)
[ 5] {_1: Span(bb0[2]), _2: Span(bb0[3])} <- _8 = Eq(move _9, const 7_u32)
[ 6] {_1: Span(bb0[2]), _2: Span(bb0[3])} <- StorageDead(_9)
[ 7] {_1: Span(bb0[2]), _2: Span(bb0[3])} <- switchInt(move _8) -> [false: bb3, otherwise: bb4]

bb4
[ 0] {_1: Span(bb0[2]), _2: Span(bb0[3])} <- StorageLive(_10)
[ 1] {_1: Span(bb0[2]), _2: Span(bb0[3])} <- StorageLive(_11)
[ 2] {_1: Span(bb0[2]), _2: Span(bb0[3])} <- _11 = (*_2)
[ 3] {_1: Span(bb0[2]), _2: Span(bb0[3])} <- _10 = Eq(move _11, const 42_u32)
[ 4] {_1: Span(bb0[2]), _2: Span(bb0[3])} <- StorageDead(_11)
[ 5] {_1: Span(bb0[2]), _2: Span(bb0[3])} <- _0 = move _10
[ 6] {_1: Span(bb0[2]), _2: Span(bb0[3])} <- goto -> bb5

bb5
[ 0] {_1: Span(bb0[2]), _2: Span(bb0[3])} <- StorageDead(_10)
[ 1] {_1: Span(bb0[2]), _2: Span(bb0[3])} <- StorageDead(_8)
[ 2] {_1: Top, _2: Top} <- return

bb3
[ 0] {_1: Span(bb0[2]), _2: Span(bb0[3])} <- _0 = const false
[ 1] {_1: Span(bb0[2]), _2: Span(bb0[3])} <- goto -> bb5


# CFG Before
bb0
Retag([fn entry] _1)
Retag([fn entry] _2)
(*_1) = const 7_u32
(*_2) = const 42_u32
StorageLive(_4)
StorageLive(_5)
_5 = &(*_1)
Retag(_5)
_4 = lib(move _5) -> bb1

bb1
StorageDead(_5)
StorageDead(_4)
StorageLive(_6)
StorageLive(_7)
_7 = &(*_2)
Retag(_7)
_6 = lib(move _7) -> bb2

bb2
StorageDead(_7)
StorageDead(_6)
StorageLive(_8)
StorageLive(_9)
_9 = (*_1)
_8 = Eq(move _9, const 7_u32)
StorageDead(_9)
switchInt(move _8) -> [false: bb3, otherwise: bb4]

bb3
_0 = const false
goto -> bb5

bb4
StorageLive(_10)
StorageLive(_11)
_11 = (*_2)
_10 = Eq(move _11, const 42_u32)
StorageDead(_11)
_0 = move _10
goto -> bb5

bb5
StorageDead(_10)
StorageDead(_8)
return

# CFG After
bb0
Retag([fn entry] _1)
Retag([fn entry] _2)
_12 = const 7_u32
(*_1) = _12
_13 = const 42_u32
(*_2) = _13
StorageLive(_4)
StorageLive(_5)
_5 = &(*_1)
Retag(_5)
_4 = lib(move _5) -> bb1

bb1
StorageDead(_5)
StorageDead(_4)
StorageLive(_6)
StorageLive(_7)
_7 = &(*_2)
Retag(_7)
_6 = lib(move _7) -> bb2

bb2
StorageDead(_7)
StorageDead(_6)
StorageLive(_8)
StorageLive(_9)
_9 = _12
_8 = Eq(move _9, const 7_u32)
StorageDead(_9)
switchInt(move _8) -> [false: bb3, otherwise: bb4]

bb3
_0 = const false
goto -> bb5

bb4
StorageLive(_10)
StorageLive(_11)
_11 = _13
_10 = Eq(move _11, const 42_u32)
StorageDead(_11)
_0 = move _10
goto -> bb5

bb5
StorageDead(_10)
StorageDead(_8)
return

# Analysing lib
